>>>  --Name:Kendrick Kee
>>>  --UOW ID: 7366814
>>>  --Qn5.1
>>>  --
>>>  select ps_partkey,ps_availqty,min(ps_availqty) 
over (partition by ps_partkey) as smallest 
,avg(ps_availqty) over (partition by ps_partkey) as average 
from partsupp 
where ps_partkey in (5,15);
WARNING: Hive-on-MR is deprecated in Hive 2 and may not be available in the future versions. Consider using a different execution engine (i.e. spark, tez) or using Hive 1.X releases.
+-------------+--------------+-----------+------------+--+
| ps_partkey  | ps_availqty  | smallest  |  average   |
+-------------+--------------+-----------+------------+--+
| 5           | 6925         | 1329      | 5410.5000  |
| 5           | 1329         | 1329      | 5410.5000  |
| 5           | 9653         | 1329      | 5410.5000  |
| 5           | 3735         | 1329      | 5410.5000  |
| 15          | 5255         | 3316      | 4738.5000  |
| 15          | 3316         | 3316      | 4738.5000  |
| 15          | 3336         | 3316      | 4738.5000  |
| 15          | 7047         | 3316      | 4738.5000  |
+-------------+--------------+-----------+------------+--+
8 rows selected (25.98 seconds)
>>>  
>>>  --Qn5.2
>>>  select ps_partkey,ps_availqty,sum(ps_availqty) over (partition by ps_partkey) as sum 
from partsupp 
where ps_partkey in (5,10,15,25) 
group by ps_partkey,ps_availqty with cube 
order by sum asc;
WARNING: Hive-on-MR is deprecated in Hive 2 and may not be available in the future versions. Consider using a different execution engine (i.e. spark, tez) or using Hive 1.X releases.
+-------------+--------------+--------+--+
| ps_partkey  | ps_availqty  |  sum   |
+-------------+--------------+--------+--+
| 10          | 5691         | 12819  |
| 10          | 3335         | 12819  |
| 10          | 2952         | 12819  |
| 10          | 841          | 12819  |
| 10          | NULL         | 12819  |
| 15          | 5255         | 18954  |
| 15          | 3336         | 18954  |
| 15          | 3316         | 18954  |
| 15          | NULL         | 18954  |
| 15          | 7047         | 18954  |
| 5           | NULL         | 21642  |
| 5           | 9653         | 21642  |
| 5           | 6925         | 21642  |
| 5           | 3735         | 21642  |
| 5           | 1329         | 21642  |
| NULL        | 9653         | 53415  |
| NULL        | 7047         | 53415  |
| NULL        | 6925         | 53415  |
| NULL        | 5691         | 53415  |
| NULL        | 5255         | 53415  |
| NULL        | 3735         | 53415  |
| NULL        | 3336         | 53415  |
| NULL        | 3335         | 53415  |
| NULL        | 3316         | 53415  |
| NULL        | 2952         | 53415  |
| NULL        | 1329         | 53415  |
| NULL        | 841          | 53415  |
| NULL        | NULL         | 53415  |
+-------------+--------------+--------+--+
28 rows selected (59.239 seconds)
>>>  
>>>  --Qn5.3
>>>  select ps_partkey,ps_availqty,sum(ps_availqty) over (partition by ps_partkey 
order by ps_supplycost) as sum 
from partsupp 
where ps_partkey in (5,10,15,25) 
order by ps_partkey,sum asc;
WARNING: Hive-on-MR is deprecated in Hive 2 and may not be available in the future versions. Consider using a different execution engine (i.e. spark, tez) or using Hive 1.X releases.
+-------------+--------------+--------+--+
| ps_partkey  | ps_availqty  |  sum   |
+-------------+--------------+--------+--+
| 5           | 9653         | 9653   |
| 5           | 1329         | 10982  |
| 5           | 3735         | 14717  |
| 5           | 6925         | 21642  |
| 10          | 5691         | 5691   |
| 10          | 841          | 6532   |
| 10          | 3335         | 9867   |
| 10          | 2952         | 12819  |
| 15          | 3316         | 3316   |
| 15          | 5255         | 8571   |
| 15          | 3336         | 11907  |
| 15          | 7047         | 18954  |
+-------------+--------------+--------+--+
12 rows selected (58.69 seconds)
>>>  
>>>  --Qn5.4
>>>  select ps_partkey,ps_availqty, ROW_NUMBER() over 
(partition by ps_partkey order by ps_availqty desc) 
from partsupp 
where ps_partkey in (10,20);
WARNING: Hive-on-MR is deprecated in Hive 2 and may not be available in the future versions. Consider using a different execution engine (i.e. spark, tez) or using Hive 1.X releases.
+-------------+--------------+-----+--+
| ps_partkey  | ps_availqty  | c2  |
+-------------+--------------+-----+--+
| 10          | 5691         | 1   |
| 10          | 3335         | 2   |
| 10          | 2952         | 3   |
| 10          | 841          | 4   |
| 20          | 5905         | 1   |
| 20          | 4271         | 2   |
| 20          | 2927         | 3   |
| 20          | 2723         | 4   |
+-------------+--------------+-----+--+
8 rows selected (30.747 seconds)
>>>  
>>>  --Qn5.5
>>>  select ps_partkey,ps_availqty, avg(ps_availqty) 
over (partition by ps_partkey order by ps_availqty rows unbounded preceding) 
from partsupp 
where ps_partkey in (15,25);
WARNING: Hive-on-MR is deprecated in Hive 2 and may not be available in the future versions. Consider using a different execution engine (i.e. spark, tez) or using Hive 1.X releases.
+-------------+--------------+------------+--+
| ps_partkey  | ps_availqty  |     c2     |
+-------------+--------------+------------+--+
| 15          | 3316         | 3316.0000  |
| 15          | 3336         | 3326.0000  |
| 15          | 5255         | 3969.0000  |
| 15          | 7047         | 4738.5000  |
+-------------+--------------+------------+--+
4 rows selected (30.138 seconds)
>>>  
>>>  !record
Recording stopped.
