/************************** solution4.sc **************************/
/* 
Student Name: Liang Leran Jenny
Student ID: 7063167
Assignment 3 Task 4
*/
import spark.implicits._
import org.apache.spark.sql.functions._
//PART 1
case class OrderDetail(ORDER_ID:Int, PRODUCT_ID:Int, CUSTOMER_ID:Int, SALESPERSON_ID:Int, UNIT_PRICE:Float, QUANTITY:Int, DISCOUNT:Float)

val orderDetailDF = spark.sparkContext.textFile(
"/user/bigdata/order_detail.tbl").map(_.split("\\|")).map(
attributes => OrderDetail(
attributes(0).toInt,
attributes(1).toInt,
attributes(2).toInt,
attributes(3).toInt,
attributes(4).toFloat,
attributes(5).toInt,
attributes(6).toFloat)).toDF()

//PART 2
//get number of rows
val numRows = orderDetailDF.filter($"QUANTITY" > 50).count().toInt
//show all order details with quanity more than 50
orderDetailDF.filter($"QUANTITY" > 50).show(numRows)

//PART 3
case class Customer(CUSTOMER_ID:Int, COUNTRY:String)

val customerDF = spark.sparkContext.textFile(
"customer.tbl").map(_.split("\\|")).map(
attributes => Customer(
attributes(0).toInt,
attributes(8))).toDF()

val joinDF = orderDetailDF.join(customerDF, orderDetailDF("CUSTOMER_ID") === customerDF("CUSTOMER_ID"), "inner").select($"ORDER_ID", $"COUNTRY").distinct()

val total_num_germany = joinDF.filter($"COUNTRY" === "Germany").count()

//PART 4
case class Order(ORDER_ID:Int, ORDER_DATE:String, SHIP_VIA:Int, SHIP_CITY:String, SHIP_REGION:String, SHIP_POSTAL_CODE:String, SHIP_COUNTRY:String)

val orderDF = spark.sparkContext.textFile(
"order.tbl").map(_.split("\\|")).map(
attributes => Order(
attributes(0).toInt,
attributes(1),
attributes(2).toInt,
attributes(3),
attributes(4),
attributes(5),
attributes(6))).toDF()

orderDF.groupBy("SHIP_COUNTRY").count().show()

//PART 5
case class Product(PRODUCT_ID:Int, PRODUCT_NAME:String, UNIT_PRICE:Float, UNITS_IN_STOCK:Int, UNITS_ON_ORDER:Int, DISCONTINUED:String)

val productDF = spark.sparkContext.textFile(
"product.tbl").map(_.split("\\|")).map(
attributes => Product(
attributes(0).toInt,
attributes(1),
attributes(2).toFloat,
attributes(3).toInt,
attributes(4).toInt,
attributes(5))).toDF()
//show the 5 most expensive products
productDF.orderBy(desc("UNIT_PRICE")).show(5)
/************************** solution4.sc **************************/

/*********************** solution4.sc output ***********************/
scala> :paste /home/bigdata/Desktop/Assignment3/solution4.sc
Pasting file /home/bigdata/Desktop/Assignment3/solution4.sc...
+--------+----------+-----------+--------------+----------+--------+--------+
|ORDER_ID|PRODUCT_ID|CUSTOMER_ID|SALESPERSON_ID|UNIT_PRICE|QUANTITY|DISCOUNT|
+--------+----------+-----------+--------------+----------+--------+--------+
|   10845|        23|         63|             8|       9.0|      70|     0.1|
|   10845|        58|         63|             8|     13.25|      60|     0.1|
|   10847|         1|         71|             4|      18.0|      80|     0.2|
|   10847|        71|         71|             4|      21.5|      55|     0.2|
|   10854|        10|         20|             3|      31.0|     100|    0.15|
|   10854|        13|         20|             3|       6.0|      65|    0.15|
|   10865|        38|         63|             2|     263.5|      60|    0.05|
|   10865|        39|         63|             2|      18.0|      80|    0.05|
|   10886|        10|         34|             1|      31.0|      70|     0.0|
|   10894|        75|         71|             1|      7.75|     120|    0.05|
|   10895|        24|         20|             3|       4.5|     110|     0.0|
|   10895|        40|         20|             3|      18.4|      91|     0.0|
|   10897|        29|         37|             3|    123.79|      80|     0.0|
|   10912|        29|         37|             2|    123.79|      60|    0.25|
|   10918|         1|         10|             3|      18.0|      60|    0.25|
|   10567|        31|         37|             1|      12.5|      60|     0.2|
|   10570|        56|         51|             3|      38.0|      60|    0.05|
|   10590|        77|         51|             4|      13.0|      60|    0.05|
|   10595|        61|         20|             2|      28.5|     120|    0.25|
|   10612|        10|         71|             1|      31.0|      70|     0.0|
|   10612|        76|         71|             1|      18.0|      80|     0.0|
|   10633|        62|         20|             7|      49.3|      80|    0.15|
|   10637|        56|         62|             6|      38.0|      60|    0.05|
|   10641|        40|         35|             4|      18.4|      60|     0.0|
|   10658|        21|         63|             4|      10.0|      60|     0.0|
|   10658|        40|         63|             4|      18.4|      70|    0.05|
|   10658|        60|         63|             4|      34.0|      55|    0.05|
|   10658|        77|         63|             4|      13.0|      70|    0.05|
|   10670|        46|         25|             4|      12.0|      60|     0.0|
|   10678|        41|         71|             7|      9.65|     120|     0.0|
|   11064|        17|         71|             1|      39.0|      77|     0.1|
|   11064|        68|         71|             1|      12.5|      55|     0.0|
|   10258|         5|         20|             1|      17.0|      65|     0.2|
|   10263|        16|         20|             9|      13.9|      60|    0.25|
|   10263|        30|         20|             9|      20.7|      60|    0.25|
|   10267|        59|         25|             4|      44.0|      70|    0.15|
|   10286|        35|         63|             8|      14.4|     100|     0.0|
|   10297|        39|          7|             5|      14.4|      60|     0.0|
|   10316|        62|         65|             1|      39.4|      70|     0.0|
|   10324|        35|         71|             9|      14.4|      70|    0.15|
|   10324|        63|         71|             9|      35.1|      80|    0.15|
|   10339|        17|         51|             2|      31.2|      70|    0.05|
|   10342|        31|         25|             4|      10.0|      56|     0.2|
|   10440|        61|         71|             4|      22.8|      90|    0.15|
|   10442|        66|         20|             3|      13.6|      60|     0.0|
|   10451|        55|         63|             4|      19.2|     120|     0.1|
|   10452|        44|         71|             8|      15.5|     100|    0.05|
|   10472|        24|         72|             8|       3.6|      80|    0.05|
|   10475|        66|         76|             9|      13.6|      60|    0.15|
|   10479|        59|         65|             3|      44.0|      60|     0.0|
|   10485|        70|         47|             4|      12.0|      60|     0.1|
|   10490|        59|         35|             7|      44.0|      60|     0.0|
|   10492|        25|         10|             3|      11.2|      60|    0.05|
|   10503|        14|         37|             6|     23.25|      70|     0.0|
|   10514|        56|         20|             3|      38.0|      70|     0.0|
|   10515|        27|         63|             2|      43.9|     120|     0.0|
|   10515|        60|         63|             2|      34.0|      84|    0.15|
|   10516|        41|         37|             2|      9.65|      80|     0.1|
|   10524|        43|          5|             1|      46.0|      60|     0.0|
|   10540|         3|         63|             3|      10.0|      60|     0.0|
|   10543|        23|         46|             8|       9.0|      70|    0.15|
|   10547|        36|         72|             3|      19.0|      60|     0.0|
|   10549|        31|         63|             5|      12.5|      55|    0.15|
|   10549|        45|         63|             5|       9.5|     100|    0.15|
|   10563|        52|         67|             2|       7.0|      70|     0.0|
|   10688|        28|         83|             4|      45.6|      60|     0.1|
|   10694|         7|         63|             8|      30.0|      90|     0.0|
|   10711|        53|         71|             5|      32.8|     120|     0.0|
|   10713|        45|         71|             1|       9.5|     110|     0.0|
|   10344|         8|         89|             4|      32.0|      70|    0.25|
|   10345|         8|         63|             2|      32.0|      70|     0.0|
|   10351|        44|         20|             1|      15.5|      77|    0.05|
|   10359|        31|         72|             5|      10.0|      70|    0.05|
|   10359|        60|         72|             5|      27.2|      80|    0.05|
|   10361|        39|         63|             1|      14.4|      54|     0.1|
|   10361|        60|         63|             1|      27.2|      55|     0.1|
|   10372|        60|         62|             5|      27.2|      70|    0.25|
|   10373|        58|         37|             4|      10.6|      80|     0.2|
|   10382|        33|         20|             4|       2.0|      60|     0.0|
|   10390|        31|         20|             6|      10.0|      60|     0.1|
|   10393|        26|         71|             1|      24.9|      70|    0.25|
|   10396|        71|         25|             1|      17.2|      60|     0.0|
|   10398|        55|         71|             2|      19.2|     120|     0.1|
|   10399|        68|         83|             8|      10.0|      60|     0.0|
|   10401|        56|         65|             1|      30.4|      70|     0.0|
|   10401|        71|         65|             1|      17.2|      60|     0.0|
|   10402|        23|         20|             8|       7.2|      60|     0.0|
|   10402|        63|         20|             8|      35.1|      65|     0.0|
|   10418|         2|         63|             4|      15.2|      60|     0.0|
|   10418|        47|         63|             4|       7.6|      55|     0.0|
|   10419|        60|         68|             4|      27.2|      60|    0.05|
|   10424|        35|         51|             7|      14.4|      60|     0.2|
|   10430|        59|         20|             4|      44.0|      70|     0.2|
|   10836|        22|         20|             7|      21.0|      52|     0.0|
|   10836|        60|         20|             7|      34.0|      60|     0.0|
|   10962|        13|         63|             8|       6.0|      77|     0.0|
|   10847|        37|         71|             4|      26.0|      60|     0.2|
|   10895|        60|         20|             3|      34.0|     100|     0.0|
|   10595|        69|         20|             2|      36.0|      65|    0.25|
|   10605|        60|         51|             1|      34.0|      70|    0.05|
|   10618|         6|         51|             1|      25.0|      70|     0.0|
|   10638|        72|         47|             3|      34.8|      60|     0.0|
|   10678|        12|         71|             7|      38.0|     100|     0.0|
|   11072|        64|         20|             4|     33.25|     130|     0.0|
|   10269|        33|         89|             5|       2.0|      60|    0.05|
|   10273|        40|         63|             3|      14.7|      60|    0.05|
|   10442|        54|         20|             3|       5.9|      80|     0.0|
|   10451|        77|         63|             4|      10.4|      55|     0.1|
|   10700|        71|         71|             3|      21.5|      60|     0.2|
|   10345|        19|         63|             2|       7.3|      80|     0.0|
|   10359|        16|         72|             5|      13.9|      56|    0.05|
|   10395|        53|         35|             6|      26.2|      70|     0.1|
|   10403|        48|         20|             4|      10.2|      70|    0.15|
|   10758|        52|         68|             3|       7.0|      60|     0.0|
|   10762|        56|         24|             3|      38.0|      60|     0.0|
|   10764|        39|         20|             6|      18.0|     130|     0.1|
|   10765|        65|         63|             3|     21.05|      80|     0.1|
|   10773|        31|         20|             1|      12.5|      70|     0.2|
|   10776|        51|         20|             1|      53.0|     120|    0.05|
|   10795|        16|         20|             8|     17.45|      65|     0.0|
|   10802|        55|         73|             4|      24.0|      60|    0.25|
|   10817|        40|         39|             3|      18.4|      60|    0.15|
|   10929|        21|         25|             6|      10.0|      60|     0.0|
|   10941|        68|         71|             7|      12.5|      80|    0.25|
|   10949|        62|         10|             2|      49.3|      60|     0.0|
|   10961|        76|         62|             8|      18.0|      60|     0.0|
|   10979|        24|         20|             8|       4.5|      80|     0.0|
|   10981|        38|         34|             1|     263.5|      60|     0.0|
|   10983|        13|         71|             2|       6.0|      84|    0.15|
|   10984|        16|         71|             1|     17.45|      55|     0.0|
|   10987|         7|         19|             8|      30.0|      60|     0.0|
|   10988|         7|         65|             3|      30.0|      60|     0.0|
|   10990|        21|         20|             2|      10.0|      65|     0.0|
|   10990|        34|         20|             2|      14.0|      60|    0.15|
|   10990|        55|         20|             2|      24.0|      65|    0.15|
|   10990|        61|         20|             2|      28.5|      66|    0.15|
|   10991|        76|         63|             1|      18.0|      90|     0.2|
|   11001|         7|         24|             2|      30.0|      60|     0.0|
|   11002|        13|         71|             4|       6.0|      56|     0.0|
|   11008|        28|         20|             7|      45.6|      70|    0.05|
|   11008|        34|         20|             7|      14.0|      90|    0.05|
|   11012|        71|         25|             1|      21.5|      60|    0.05|
|   11017|        59|         20|             9|      55.0|     110|     0.0|
|   11021|        26|         63|             3|     31.23|      63|     0.0|
|   11030|         2|         71|             7|      19.0|     100|    0.25|
|   11030|         5|         71|             7|     21.35|      70|     0.0|
|   11030|        29|         71|             7|    123.79|      60|    0.25|
|   11030|        59|         71|             7|      55.0|     100|    0.25|
|   11031|        13|         71|             6|       6.0|      80|     0.0|
|   11033|        53|         68|             7|      32.8|      70|     0.1|
|   11035|        35|         76|             2|      18.0|      60|     0.0|
|   11039|        49|         47|             1|      20.0|      60|     0.0|
|   10588|        42|         63|             2|      14.0|     100|     0.2|
|   10601|        13|         35|             7|       6.0|      60|     0.0|
|   10607|        17|         71|             5|      39.0|     100|     0.0|
|   10612|        36|         71|             1|      19.0|      55|     0.0|
|   10461|        55|         46|             1|      19.2|      60|    0.25|
|   10693|        54|         89|             3|      7.45|      60|    0.15|
|   10698|        65|         20|             4|     21.05|      65|    0.05|
+--------+----------+-----------+--------------+----------+--------+--------+

+------------+-----+                                                            
|SHIP_COUNTRY|count|
+------------+-----+
|      Sweden|   37|
|     Germany|  122|
|      France|   77|
|   Argentina|   16|
|     Belgium|   19|
|     Finland|   22|
|       Italy|   28|
|      Norway|    6|
|       Spain|   23|
|     Denmark|   18|
|     Ireland|   19|
|   Venezuela|   46|
|         USA|  122|
|      Mexico|   28|
|          UK|   56|
| Switzerland|   18|
|      Canada|   30|
|      Brazil|   83|
|      Poland|    7|
|    Portugal|   13|
+------------+-----+
only showing top 20 rows

+----------+--------------------+----------+--------------+--------------+------------+
|PRODUCT_ID|        PRODUCT_NAME|UNIT_PRICE|UNITS_IN_STOCK|UNITS_ON_ORDER|DISCONTINUED|
+----------+--------------------+----------+--------------+--------------+------------+
|        38|      C??te de Blaye|     263.5|            17|             0|           N|
|        29|Th??ringer Rostbr...|    123.79|             0|             0|           Y|
|         9|     Mishi Kobe Niku|      97.0|            29|             0|           Y|
|        20|Sir Rodney's Marm...|      81.0|            40|             0|           N|
|        18|    Carnarvon Tigers|      62.5|            42|             0|           N|
+----------+--------------------+----------+--------------+--------------+------------+
only showing top 5 rows

import spark.implicits._
import org.apache.spark.sql.functions._
defined class OrderDetail
orderDetailDF: org.apache.spark.sql.DataFrame = [ORDER_ID: int, PRODUCT_ID: int ... 5 more fields]
numRows: Int = 159
defined class Customer
customerDF: org.apache.spark.sql.DataFrame = [CUSTOMER_ID: int, COUNTRY: string]
joinDF: org.apache.spark.sql.Dataset[org.apache.spark.sql.Row] = [ORDER_ID: int, COUNTRY: string]
total_num_germany: Long = 122
defined class Order
orderDF: org.apache.spark.sql.DataFrame = [ORDER_ID: int, ORDER_DATE: string ... 5 more fields]
defined class Product
productDF: org.apache.spark.sql.DataFrame = [PRODUCT_ID: int, PRODUCT_NAME: string ... 4 more fields]

scala> 

/*********************** solution4.sc output ***********************/
